// Jest Snapshot v1, https://goo.gl/fbAQLP

exports[`renders correctly 1`] = `
<View>
  <RCTScrollView
    ListFooterComponent={
      <PaymentButton
        data={
          Object {
            "discount": Object {
              "id": 1,
              "type": "percent",
              "value": 10,
            },
            "products": Array [
              Object {
                "id": 1,
                "name": "Post its bleus",
                "price": 12.39,
              },
              Object {
                "id": 2,
                "name": "Post its rouges",
                "price": 17.47,
              },
            ],
          }
        }
      />
    }
    ListHeaderComponent={<Header />}
    data={
      Array [
        Object {
          "id": 1,
          "name": "Post its bleus",
          "price": 12.39,
        },
        Object {
          "id": 2,
          "name": "Post its rouges",
          "price": 17.47,
        },
      ]
    }
    getItem={[Function]}
    getItemCount={[Function]}
    keyExtractor={[Function]}
    onContentSizeChange={[Function]}
    onLayout={[Function]}
    onMomentumScrollBegin={[Function]}
    onMomentumScrollEnd={[Function]}
    onScroll={[Function]}
    onScrollBeginDrag={[Function]}
    onScrollEndDrag={[Function]}
    removeClippedSubviews={false}
    renderItem={[Function]}
    scrollEventThrottle={50}
    stickyHeaderIndices={Array []}
    viewabilityConfigCallbackPairs={Array []}
  >
    <View>
      <View
        onLayout={[Function]}
      >
        <Text>
          Products
        </Text>
      </View>
      <View
        onLayout={[Function]}
        style={null}
      >
        <View>
          <Text>
            Post its bleus
             - 
            12.39
            €
          </Text>
        </View>
      </View>
      <View
        onLayout={[Function]}
        style={null}
      >
        <View>
          <Text>
            Post its rouges
             - 
            17.47
            €
          </Text>
        </View>
      </View>
      <View
        onLayout={[Function]}
      >
        <View
          accessibilityRole="button"
          accessible={true}
          collapsable={false}
          focusable={true}
          nativeID="animatedComponent"
          onClick={[Function]}
          onResponderGrant={[Function]}
          onResponderMove={[Function]}
          onResponderRelease={[Function]}
          onResponderTerminate={[Function]}
          onResponderTerminationRequest={[Function]}
          onStartShouldSetResponder={[Function]}
          style={
            Object {
              "opacity": 1,
            }
          }
        >
          <View
            style={
              Array [
                Object {},
              ]
            }
          >
            <Text
              style={
                Array [
                  Object {
                    "color": "#007AFF",
                    "fontSize": 18,
                    "margin": 8,
                    "textAlign": "center",
                  },
                ]
              }
            >
              Payer 29.86€
            </Text>
          </View>
        </View>
      </View>
    </View>
  </RCTScrollView>
</View>
`;
