// Jest Snapshot v1, https://goo.gl/fbAQLP

exports[`renders correctly 1`] = `
<View>
  <RCTScrollView
    ListHeaderComponent={<Header />}
    data={
      Array [
        Object {
          "id": 1,
          "name": "Post its bleus",
          "price": 12.39,
        },
        Object {
          "id": 2,
          "name": "Post its rouges",
          "price": 17.47,
        },
      ]
    }
    getItem={[Function]}
    getItemCount={[Function]}
    keyExtractor={[Function]}
    onContentSizeChange={[Function]}
    onLayout={[Function]}
    onMomentumScrollBegin={[Function]}
    onMomentumScrollEnd={[Function]}
    onScroll={[Function]}
    onScrollBeginDrag={[Function]}
    onScrollEndDrag={[Function]}
    removeClippedSubviews={false}
    renderItem={[Function]}
    scrollEventThrottle={50}
    stickyHeaderIndices={Array []}
    viewabilityConfigCallbackPairs={Array []}
  >
    <View>
      <View
        onLayout={[Function]}
      >
        <Text>
          Products
        </Text>
      </View>
      <View
        onLayout={[Function]}
        style={null}
      >
        <View>
          <Text>
            Post its bleus
             - 
            12.39
            €
          </Text>
        </View>
      </View>
      <View
        onLayout={[Function]}
        style={null}
      >
        <View>
          <Text>
            Post its rouges
             - 
            17.47
            €
          </Text>
        </View>
      </View>
    </View>
  </RCTScrollView>
</View>
`;
